../Core/Src/GUI_Paint.c:98:6:Paint_NewImage	24	static
../Core/Src/GUI_Paint.c:130:6:Paint_SelectImage	16	static
../Core/Src/GUI_Paint.c:140:6:Paint_SetRotate	16	static
../Core/Src/GUI_Paint.c:150:6:Paint_SetScale	16	static
../Core/Src/GUI_Paint.c:171:6:Paint_SetMirroring	16	static
../Core/Src/GUI_Paint.c:190:6:Paint_SetPixel	48	static
../Core/Src/GUI_Paint.c:269:6:Paint_Clear	40	static
../Core/Src/GUI_Paint.c:304:6:Paint_ClearWindows	32	static
../Core/Src/GUI_Paint.c:323:6:Paint_DrawPoint	32	static
../Core/Src/GUI_Paint.c:363:6:Paint_DrawLine	64	static
../Core/Src/GUI_Paint.c:421:6:Paint_DrawRectangle	48	static
../Core/Src/GUI_Paint.c:454:6:Paint_DrawCircle	40	static
../Core/Src/GUI_Paint.c:523:6:Paint_DrawChar	40	static
../Core/Src/GUI_Paint.c:572:6:Paint_DrawString_EN	40	static
../Core/Src/GUI_Paint.c:617:6:Paint_DrawString_CN	56	static
../Core/Src/GUI_Paint.c:713:6:Paint_DrawNum	560	static
../Core/Src/GUI_Paint.c:756:6:Paint_DrawNumDecimals	584	static
../Core/Src/GUI_Paint.c:815:6:Paint_DrawTime	48	static
../Core/Src/GUI_Paint.c:841:6:Paint_DrawBitMap	24	static
../Core/Src/GUI_Paint.c:866:6:Paint_DrawBitMap_Paste	40	static
../Core/Src/GUI_Paint.c:960:6:Paint_DrawBitMap_Block	24	static
