../Core/Src/main.c:77:5:main	24	static
../Core/Src/main.c:173:6:SystemClock_Config	96	static
../Core/Src/main.c:233:6:PeriphCommonClock_Config	152	static
../Core/Src/main.c:260:13:MX_ADC1_Init	48	static
../Core/Src/main.c:327:13:MX_ADC2_Init	32	static
../Core/Src/main.c:385:13:MX_LPUART1_UART_Init	8	static
../Core/Src/main.c:419:13:MX_USART2_UART_Init	8	static
../Core/Src/main.c:454:13:MX_USART3_UART_Init	8	static
../Core/Src/main.c:489:13:MX_GPIO_Init	56	static
../Core/Src/main.c:544:6:Error_Handler	4	static,ignoring_inline_asm
